// Vitest Snapshot v1, https://vitest.dev/guide/snapshot.html

exports[`App snapshot > 初期表示をスナップショット保存する 1`] = `
<div>
  <div
    class="app"
  >
    <header
      class="app__header"
    >
      <h1
        class="app__title"
      >
        Planting Planner
      </h1>
      <form
        class="app__controls"
        novalidate=""
      >
        <label
          class="region-select"
        >
          <span
            class="region-select__label"
          >
            地域
          </span>
          <select
            aria-label="地域"
            class="region-select__select"
            name="region"
          >
            <option
              value="cold"
            >
              寒冷地
            </option>
            <option
              value="temperate"
            >
              温暖地
            </option>
            <option
              value="warm"
            >
              暖地
            </option>
          </select>
        </label>
        <div
          class="app__controls-group"
        >
          <label
            class="app__week"
            for="week-input"
          >
            週
            <input
              id="week-input"
              inputmode="numeric"
              name="week"
              pattern="\\d{4}-W\\d{2}"
              placeholder="2024-W30"
              type="text"
              value="2024-W30"
            />
          </label>
          <div
            class="search-box"
          >
            <input
              aria-label="作物検索"
              class="search-box__input"
              placeholder="作物名・カテゴリで検索"
              type="search"
              value=""
            />
          </div>
          <div
            class="app__controls-actions"
          >
            <button
              type="submit"
            >
              この条件で見る
            </button>
            <button
              class="app__refresh"
              type="button"
            >
              更新
            </button>
          </div>
        </div>
      </form>
    </header>
    <main
      class="app__main"
    >
      <section
        class="recommend"
      >
        <div
          class="recommend__meta"
        >
          <span>
            対象地域: 
            温暖地
          </span>
          <span>
            基準週: 
            2024-W30
          </span>
        </div>
        <table
          class="recommend__table"
        >
          <thead>
            <tr>
              <th
                scope="col"
              >
                作物
              </th>
              <th
                scope="col"
              >
                播種週
              </th>
              <th
                scope="col"
              >
                収穫週
              </th>
              <th
                scope="col"
              >
                情報源
              </th>
            </tr>
          </thead>
          <tbody>
            <tr
              class="recommend__row"
            >
              <td>
                <div
                  class="recommend__crop"
                >
                  <button
                    aria-label="トマトをお気に入りに追加"
                    aria-pressed="false"
                    class="fav-star"
                    type="button"
                  >
                    ☆
                  </button>
                  <span>
                    トマト
                  </span>
                </div>
              </td>
              <td>
                2024-W28
              </td>
              <td>
                2024-W35
              </td>
              <td>
                テストデータ
              </td>
            </tr>
            <tr
              class="recommend__row"
            >
              <td>
                <div
                  class="recommend__crop"
                >
                  <button
                    aria-label="レタスをお気に入りに追加"
                    aria-pressed="false"
                    class="fav-star"
                    type="button"
                  >
                    ☆
                  </button>
                  <span>
                    レタス
                  </span>
                </div>
              </td>
              <td>
                2024-W29
              </td>
              <td>
                2024-W32
              </td>
              <td>
                テストデータ
              </td>
            </tr>
          </tbody>
        </table>
      </section>
      <section
        class="recommend__chart"
      >
        <h2>
          価格推移
        </h2>
        <p>
          作物を選択すると価格推移が表示されます。
        </p>
        <p
          class="recommend__chart-hint"
        >
          作物一覧で行をクリックすると、価格推移が表示されます。
        </p>
      </section>
    </main>
  </div>
</div>
`;
